2025-04-16 10:13:01 [31merror[39m: ReferenceError: auth is not defined
    at file:///C:/Users/User/Desktop/nodejs-boilerplate/server.js:65:3
    at ModuleJob.run (node:internal/modules/esm/module_job:271:25)
    at async onImport.tracePromise.__proto__ (node:internal/modules/esm/loader:547:26)
    at async asyncRunEntryPointWithESMLoader (node:internal/modules/run_main:116:5)
2025-04-16 10:13:24 [31merror[39m: ReferenceError: swaggerAuthLogger is not defined
    at file:///C:/Users/User/Desktop/nodejs-boilerplate/server.js:67:3
    at ModuleJob.run (node:internal/modules/esm/module_job:271:25)
    at async onImport.tracePromise.__proto__ (node:internal/modules/esm/loader:547:26)
    at async asyncRunEntryPointWithESMLoader (node:internal/modules/run_main:116:5)
2025-04-16 10:14:10 [31merror[39m: ReferenceError: api is not defined
    at file:///C:/Users/User/Desktop/nodejs-boilerplate/server.js:61:1
    at ModuleJob.run (node:internal/modules/esm/module_job:271:25)
    at async onImport.tracePromise.__proto__ (node:internal/modules/esm/loader:547:26)
    at async asyncRunEntryPointWithESMLoader (node:internal/modules/run_main:116:5)
2025-04-16 10:14:16 [31merror[39m: ReferenceError: api is not defined
    at file:///C:/Users/User/Desktop/nodejs-boilerplate/server.js:61:1
    at ModuleJob.run (node:internal/modules/esm/module_job:271:25)
    at async onImport.tracePromise.__proto__ (node:internal/modules/esm/loader:547:26)
    at async asyncRunEntryPointWithESMLoader (node:internal/modules/run_main:116:5)
2025-04-16 10:14:18 [31merror[39m: ReferenceError: application is not defined
    at file:///C:/Users/User/Desktop/nodejs-boilerplate/server.js:61:1
    at ModuleJob.run (node:internal/modules/esm/module_job:271:25)
    at async onImport.tracePromise.__proto__ (node:internal/modules/esm/loader:547:26)
    at async asyncRunEntryPointWithESMLoader (node:internal/modules/run_main:116:5)
2025-04-16 10:14:26 [31merror[39m: ReferenceError: application is not defined
    at file:///C:/Users/User/Desktop/nodejs-boilerplate/server.js:61:1
    at ModuleJob.run (node:internal/modules/esm/module_job:271:25)
    at async onImport.tracePromise.__proto__ (node:internal/modules/esm/loader:547:26)
    at async asyncRunEntryPointWithESMLoader (node:internal/modules/run_main:116:5)
2025-04-16 10:14:31 [31merror[39m: ReferenceError: application is not defined
    at file:///C:/Users/User/Desktop/nodejs-boilerplate/server.js:61:1
    at ModuleJob.run (node:internal/modules/esm/module_job:271:25)
    at async onImport.tracePromise.__proto__ (node:internal/modules/esm/loader:547:26)
    at async asyncRunEntryPointWithESMLoader (node:internal/modules/run_main:116:5)
2025-04-16 10:14:36 [31merror[39m: ReferenceError: application is not defined
    at file:///C:/Users/User/Desktop/nodejs-boilerplate/server.js:61:1
    at ModuleJob.run (node:internal/modules/esm/module_job:271:25)
    at async onImport.tracePromise.__proto__ (node:internal/modules/esm/loader:547:26)
    at async asyncRunEntryPointWithESMLoader (node:internal/modules/run_main:116:5)
2025-04-16 10:14:37 [31merror[39m: ReferenceError: application is not defined
    at file:///C:/Users/User/Desktop/nodejs-boilerplate/server.js:61:1
    at ModuleJob.run (node:internal/modules/esm/module_job:271:25)
    at async onImport.tracePromise.__proto__ (node:internal/modules/esm/loader:547:26)
    at async asyncRunEntryPointWithESMLoader (node:internal/modules/run_main:116:5)
2025-04-16 10:14:57 [31merror[39m: ReferenceError: application is not defined
    at file:///C:/Users/User/Desktop/nodejs-boilerplate/server.js:61:1
    at ModuleJob.run (node:internal/modules/esm/module_job:271:25)
    at async onImport.tracePromise.__proto__ (node:internal/modules/esm/loader:547:26)
    at async asyncRunEntryPointWithESMLoader (node:internal/modules/run_main:116:5)
2025-04-16 10:15:09 [31merror[39m: ReferenceError: application is not defined
    at file:///C:/Users/User/Desktop/nodejs-boilerplate/server.js:61:1
    at ModuleJob.run (node:internal/modules/esm/module_job:271:25)
    at async onImport.tracePromise.__proto__ (node:internal/modules/esm/loader:547:26)
    at async asyncRunEntryPointWithESMLoader (node:internal/modules/run_main:116:5)
2025-04-16 10:16:11 [31merror[39m: ReferenceError: application is not defined
    at file:///C:/Users/User/Desktop/nodejs-boilerplate/server.js:61:1
    at ModuleJob.run (node:internal/modules/esm/module_job:271:25)
    at async onImport.tracePromise.__proto__ (node:internal/modules/esm/loader:547:26)
    at async asyncRunEntryPointWithESMLoader (node:internal/modules/run_main:116:5)
2025-09-23 18:08:10 [31merror[39m: Error: Configuration property "mongodb_uri" is not defined
    at Config.get (C:\Users\Admin\Documents\Social media agent\BE\node_modules\config\lib\config.js:181:11)
    at file:///C:/Users/Admin/Documents/Social%20media%20agent/BE/utils/database.js:5:28
    at ModuleJob.run (node:internal/modules/esm/module_job:329:25)
    at async onImport.tracePromise.__proto__ (node:internal/modules/esm/loader:644:26)
    at async asyncRunEntryPointWithESMLoader (node:internal/modules/run_main:117:5)
